[
    {
        "repository": "linux",
        "full_repository_name": "torvalds\/linux",
        "description": "Linux kernel source tree",
        "creator": "torvalds"
    },
    {
        "repository": "linux",
        "full_repository_name": "raspberrypi\/linux",
        "description": "Kernel source tree for Raspberry Pi-provided kernel builds. Issues unrelated to the linux kernel should be posted on the community forum at https:\/\/forums.raspberrypi.com\/",
        "creator": "raspberrypi"
    },
    {
        "repository": "flash-linux0.11-talk",
        "full_repository_name": "dibingfa\/flash-linux0.11-talk",
        "description": "\u4f60\u7ba1\u8fd9\u7834\u73a9\u610f\u53eb\u64cd\u4f5c\u7cfb\u7edf\u6e90\u7801 \u2014 \u50cf\u5c0f\u8bf4\u4e00\u6837\u54c1\u8bfb Linux 0.11 \u6838\u5fc3\u4ee3\u7801",
        "creator": "dibingfa"
    },
    {
        "repository": "linux-command",
        "full_repository_name": "jaywcjlove\/linux-command",
        "description": "Linux\u547d\u4ee4\u5927\u5168\u641c\u7d22\u5de5\u5177\uff0c\u5185\u5bb9\u5305\u542bLinux\u547d\u4ee4\u624b\u518c\u3001\u8be6\u89e3\u3001\u5b66\u4e60\u3001\u641c\u96c6\u3002https:\/\/git.io\/linux",
        "creator": "jaywcjlove"
    },
    {
        "repository": "linux-insides",
        "full_repository_name": "0xAX\/linux-insides",
        "description": "A little bit about a linux kernel",
        "creator": "0xAX"
    }
]
