[
    {
        "name": "linux",
        "full_name": "x1b2j_open_source/linux",
        "description": "",
        "owner": "x1b2j_open_source"
    },
    {
        "name": "Caching Proxy Linux Deployments",
        "full_name": "irmandos/caching-proxy-linux-deployments",
        "description": "I will have my Raspberry Pi cache all my updates for Windows machines with the use of Squad over a single LAN interface and Linux updates by means of apt-cach",
        "owner": "Ricardo Botha"
    },
    {
        "name": "Node Load Tweet",
        "full_name": "halusagn/node-load-tweet",
        "description": "A small node.js script which posts a linux server's load and uptime to your twitter timeline.",
        "owner": "Goran Halusa"
    },
    {
        "name": "Hamster",
        "full_name": "magraine/hamster",
        "description": "Plugin SPIP pour visualiser dans l'espace privé un export XML du logiciel Hamster pour Linux (compteur de temps)",
        "owner": "Magraine"
    },
    {
        "name": "qr-linux-kernel",
        "full_name": "teobaluta/opw",
        "description": "QR encoding for oops messages in the kernel",
        "owner": "Teodora Băluţă"
    }
]
